// Jest Snapshot v1, https://goo.gl/fbAQLP

exports[`CliCommand Tests Correctly writes to stderr on exception: stderr 1`] = `
[
  "Error: Whoops",
  "",
]
`;

exports[`CliCommand Tests Correctly writes to stderr on exception: stdout 1`] = `[]`;
