// Jest Snapshot v1, https://goo.gl/fbAQLP

exports[`Download Command --package 1`] = `
Array [
  "react: 8609192 Downloads",
  "",
]
`;
