// Jest Snapshot v1, https://goo.gl/fbAQLP

exports[`Report Command works 1`] = `
Array [
  "[4m[44mReport: Tree Report[49m[24m",
  "@webassemblyjs/ast@1.9.0 (14 dependencies)",
  "â”œâ”€â”€ @webassemblyjs/helper-module-context@1.9.0 (1 dependencies)",
  "â”‚Â Â  â””â”€â”€ @webassemblyjs/ast@1.9.0 (0 dependencies)",
  "â”œâ”€â”€ @webassemblyjs/helper-wasm-bytecode@1.9.0 (0 dependencies)",
  "â””â”€â”€ @webassemblyjs/wast-parser@1.9.0 (10 dependencies)",
  " Â Â  â”œâ”€â”€ @webassemblyjs/ast@1.9.0 (0 dependencies)",
  " Â Â  â”œâ”€â”€ @webassemblyjs/floating-point-hex-parser@1.9.0 (0 dependencies)",
  " Â Â  â”œâ”€â”€ @webassemblyjs/helper-api-error@1.9.0 (0 dependencies)",
  " Â Â  â”œâ”€â”€ @webassemblyjs/helper-code-frame@1.9.0 (4 dependencies)",
  " Â Â  â”‚Â Â  â””â”€â”€ @webassemblyjs/wast-printer@1.9.0 (3 dependencies)",
  " Â Â  â”‚Â Â   Â Â  â”œâ”€â”€ @webassemblyjs/ast@1.9.0 (0 dependencies)",
  " Â Â  â”‚Â Â   Â Â  â”œâ”€â”€ @webassemblyjs/wast-parser@1.9.0 (0 dependencies)",
  " Â Â  â”‚Â Â   Â Â  â””â”€â”€ @xtuc/long@4.2.2 (0 dependencies)",
  " Â Â  â”œâ”€â”€ @webassemblyjs/helper-fsm@1.9.0 (0 dependencies)",
  " Â Â  â””â”€â”€ @xtuc/long@4.2.2 (0 dependencies)",
  "",
  "[4m[44mReport: Tree Report[49m[24m",
  "@webassemblyjs/ast@1.9.0 (14 dependencies)",
  "â”œâ”€â”€ @webassemblyjs/helper-module-context@1.9.0 (1 dependencies)",
  "â”‚Â Â  â””â”€â”€ @webassemblyjs/ast@1.9.0 (0 dependencies)",
  "â”œâ”€â”€ @webassemblyjs/helper-wasm-bytecode@1.9.0 (0 dependencies)",
  "â””â”€â”€ @webassemblyjs/wast-parser@1.9.0 (10 dependencies)",
  " Â Â  â”œâ”€â”€ @webassemblyjs/ast@1.9.0 (0 dependencies)",
  " Â Â  â”œâ”€â”€ @webassemblyjs/floating-point-hex-parser@1.9.0 (0 dependencies)",
  " Â Â  â”œâ”€â”€ @webassemblyjs/helper-api-error@1.9.0 (0 dependencies)",
  " Â Â  â”œâ”€â”€ @webassemblyjs/helper-code-frame@1.9.0 (4 dependencies)",
  " Â Â  â”‚Â Â  â””â”€â”€ @webassemblyjs/wast-printer@1.9.0 (3 dependencies)",
  " Â Â  â”‚Â Â   Â Â  â”œâ”€â”€ @webassemblyjs/ast@1.9.0 (0 dependencies)",
  " Â Â  â”‚Â Â   Â Â  â”œâ”€â”€ @webassemblyjs/wast-parser@1.9.0 (0 dependencies)",
  " Â Â  â”‚Â Â   Â Â  â””â”€â”€ @xtuc/long@4.2.2 (0 dependencies)",
  " Â Â  â”œâ”€â”€ @webassemblyjs/helper-fsm@1.9.0 (0 dependencies)",
  " Â Â  â””â”€â”€ @xtuc/long@4.2.2 (0 dependencies)",
  "",
]
`;
