// Vitest Snapshot v1, https://vitest.dev/guide/snapshot.html

exports[`NodeAsyncWriter Tests > writes out all data 1`] = `
[
  "line1",
  "line2",
  "",
]
`;
