// Vitest Snapshot v1, https://vitest.dev/guide/snapshot.html

exports[`ReportService Tests > Writes to stderr on throw > stderr 1`] = `
[
  "Error: Whoopsie",
  "",
]
`;

exports[`ReportService Tests > Writes to stderr on throw > stdout 1`] = `[]`;
